index.php?Language=
hall.php?file=
hall.php?page=
template.php?goto=
video.php?content=
pages.php?page=
print.php?page=
show.php?page=
view.php?page=
media.php?page=
index1.php?choix=
index1.php?menu=
index.php?ort=
index2.php?showpage=
index2.php?ascii_seite=
index2.php?DoAction=
index2.php?ID=
index2.php?url_page=
index1.php?dat=
index1.php?site=
index0.php?show=
home.php?content=
port.php?content=
main.php?link=
home.php?x=
index1.php?x=
index2.php?x=
main.php?x=
homepage.php?sel=
index.php?var=
index.php?pagina=
index.php?go=
index.php?site=
index.php?pagina=
index.php?id=
index1.php?=
index.php?site=
main.php?id=
content.php?page=
admin.php?page=
lib/gore.php?libpath=
SQuery/lib/gore.php?libpath=
index2.php?p=
index1.php?go=
news_detail.php?file=
old_reports.php?file=
index.php?x=
index.php?nic=
homepage.php?sel=
index.php?sel=
config.php?_CCFG[_PKG_PATH_DBSE]=
main.php?x=
components/com_artlinks/artlinks.dispnew.php?mosConfig_absolute_path=
index2.php?x=
main.php?pagina=
test.php?page=
